// Vitest Snapshot v1, https://vitest.dev/guide/snapshot.html

exports[`Page 1`] = `
<div>
  <div
    class="overflow-hidden"
  >
    <div
      class="flex space-x-2 overflow-x-scroll bg-white border-gray-200 pt-2 px-4 scroll-smooth scrollbar-hide"
    />
  </div>
</div>
`;
